2,141,219 pitches
PASS pitch count  2141219 vs 2141219
PASS platoon LHB  26.490 vs 26.490
PASS platoon RHB  10.353 vs 10.353
PASS actual slope bat_speed  0.37419380 vs 0.37419380 (n=83880)
PASS actual slope swing_len  0.37261893 vs 0.37261893 (n=83880)
PASS actual slope fast_swing  0.34234265 vs 0.34234265 (n=83880)
PASS actual slope woba  0.12173830 vs 0.12173830 (n=83899)
PASS persistence bat_speed  0.2568 vs 0.2598
PASS persistence swing_len  0.2578 vs 0.2528
PASS persistence fast_swing  0.2309 vs 0.2276
PASS persistence woba  0.0006 vs 0.0033
PASS swing top decile  8.41 (3.19) vs 8.41 (3.19)
PASS swing bottom decile  -7.87 (2.90) vs -7.87 (2.90)
PASS results top decile  3.43 (2.56) vs 3.43 (2.56)
PASS results bottom decile  -1.09 (2.65) vs -1.09 (2.65)
PASS stale-value scan  numbers in abstract not in paper_results.json: []
PASS abstract word count < 500  498 words (title + body, table excluded)
PASS A11b offseason carry-over b  0.3436 vs 0.3436 (n=481 vs 481)
PASS A11a(ii) R_next  0.5182 vs 0.5182 (n=508 vs 508)

ALL CHECKS PASSED
